[{"title":"Fringilla Etiam Sollicitudin"},{"title":"Pharetra Egestas Mollis"},{"title":"Sem Venenatis Tortor"}]