[{"title":"Local TOML test file","owner":{"name":"Tom Preston-Werner","dob":"1979-05-27T15:32:00.000Z"}},{"title":"Folder YAML test file","Dolorfusce":{"Curabitur":"blandit tempus","Porttitor":"More Voodoo","Purus":["Euismod","Quam Ipsum"]}},{"title":"Pharetra Egestas Mollis"},{"title":"Sem Venenatis Tortor"}]