[{"title":"Folder YAML test file","Dolorfusce":{"Curabitur":"blandit tempus","Porttitor":"More Voodoo","Purus":["Euismod","Quam Ipsum"]}},{"title":"Pharetra Egestas Mollis"},{"title":"Sem Venenatis Tortor"}]